// Jest Snapshot v1, https://goo.gl/fbAQLP

exports[`Header component matches snapshot 1`] = `
<DocumentFragment>
  <div>
    <header
      class="MuiPaper-root MuiAppBar-root MuiAppBar-positionStatic MuiAppBar-colorPrimary MuiPaper-elevation0"
    >
      <div
        class="makeStyles-inner-1"
      >
        <div
          class="MuiToolbar-root MuiToolbar-regular MuiToolbar-gutters"
        >
          <button
            aria-label="toggle mobile menu"
            class="MuiButtonBase-root MuiIconButton-root makeStyles-menuButton-2 MuiIconButton-colorInherit MuiIconButton-edgeStart"
            tabindex="0"
            type="button"
          >
            <span
              class="MuiIconButton-label"
            >
              <svg
                aria-hidden="true"
                class="MuiSvgIcon-root"
                focusable="false"
                viewBox="0 0 24 24"
              >
                <path
                  d="M3 18h18v-2H3v2zm0-5h18v-2H3v2zm0-7v2h18V6H3z"
                />
              </svg>
            </span>
            <span
              class="MuiTouchRipple-root"
            />
          </button>
          <a
            href="/"
          >
            <img
              alt="Crossfeed Icon Navigate Home"
              class="makeStyles-logo-3"
              src="cisa_logo.png"
            />
          </a>
          <div
            class="makeStyles-mdNav-9"
          >
            <a
              aria-current="page"
              class="makeStyles-link-16 makeStyles-activeLink-14"
              href="/"
              style="outline: none;"
            >
              Overview
            </a>
            <a
              class="makeStyles-link-16"
              href="/inventory"
              style="outline: none;"
            >
              Inventory
            </a>
          </div>
          <div
            class="makeStyles-lgNav-10"
          />
          <div
            class="makeStyles-spacing-4"
          />
          <div
            class="makeStyles-wrapper-18"
          >
            <div
              class="makeStyles-inner-19"
            >
              <svg
                aria-hidden="true"
                class="MuiSvgIcon-root makeStyles-icon-21"
                focusable="false"
                viewBox="0 0 24 24"
              >
                <path
                  d="M15.5 14h-.79l-.28-.27C15.41 12.59 16 11.11 16 9.5 16 5.91 13.09 3 9.5 3S3 5.91 3 9.5 5.91 16 9.5 16c1.61 0 3.09-.59 4.23-1.57l.27.28v.79l5 4.99L20.49 19l-4.99-5zm-6 0C7.01 14 5 11.99 5 9.5S7.01 5 9.5 5 14 7.01 14 9.5 11.99 14 9.5 14z"
                />
              </svg>
              <form>
                <input
                  class="makeStyles-inp-20"
                  placeholder="Search for a domain, vuln type, port, service, IP"
                  value=""
                />
              </form>
            </div>
          </div>
          <a
            aria-current="page"
            class="makeStyles-link-16 makeStyles-link-16"
            href="/"
            style="outline: none;"
          >
            <div
              class="makeStyles-userLink-8"
            >
              <svg
                aria-hidden="true"
                class="MuiSvgIcon-root"
                focusable="false"
                viewBox="0 0 24 24"
              >
                <path
                  d="M12 2C6.48 2 2 6.48 2 12s4.48 10 10 10 10-4.48 10-10S17.52 2 12 2zm0 3c1.66 0 3 1.34 3 3s-1.34 3-3 3-3-1.34-3-3 1.34-3 3-3zm0 14.2c-2.5 0-4.71-1.28-6-3.22.03-1.99 4-3.08 6-3.08 1.99 0 5.97 1.09 6 3.08-1.29 1.94-3.5 3.22-6 3.22z"
                />
              </svg>
               My Account 
              <svg
                aria-hidden="true"
                class="MuiSvgIcon-root"
                focusable="false"
                viewBox="0 0 24 24"
              >
                <path
                  d="M7 10l5 5 5-5z"
                />
              </svg>
            </div>
          </a>
        </div>
      </div>
    </header>
  </div>
</DocumentFragment>
`;
