// Jest Snapshot v1, https://goo.gl/fbAQLP

exports[`GET / should return 200 1`] = `Object {}`;
