// Jest Snapshot v1, https://goo.gl/fbAQLP

exports[`dotgov basic test 1`] = `
Array [
  Object {
    "name": "Administrative Conference of the United States",
    "rootDomains": Array [
      "acus.gov",
    ],
  },
  Object {
    "name": "Advisory Council on Historic Preservation",
    "rootDomains": Array [
      "achp.gov",
      "preserveamerica.gov",
    ],
  },
  Object {
    "name": "American Battle Monuments Commission",
    "rootDomains": Array [
      "abmc.gov",
      "abmcscholar.gov",
      "nationalmall.gov",
    ],
  },
  Object {
    "name": "AMTRAK",
    "rootDomains": Array [
      "amtrakoig.gov",
    ],
  },
  Object {
    "name": "Appalachian Regional Commission",
    "rootDomains": Array [
      "arc.gov",
    ],
  },
  Object {
    "name": "Appraisal Subcommittee",
    "rootDomains": Array [
      "asc.gov",
    ],
  },
  Object {
    "name": "Armed Forces Retirement Home",
    "rootDomains": Array [
      "afrh.gov",
    ],
  },
  Object {
    "name": "Barry Goldwater Scholarship and Excellence in Education Foundation",
    "rootDomains": Array [
      "goldwaterscholarship.gov",
    ],
  },
]
`;
