// Jest Snapshot v1, https://goo.gl/fbAQLP

exports[`search_sync should update a domain if a domain has changed 1`] = `
Array [
  "id",
  "createdAt",
  "updatedAt",
  "syncedAt",
  "ip",
  "fromRootDomain",
  "reverseName",
  "name",
  "screenshot",
  "country",
  "asn",
  "cloudHosted",
  "ssl",
  "services",
  "organization",
  "vulnerabilities",
]
`;
