// Jest Snapshot v1, https://goo.gl/fbAQLP

exports[`shodan basic test 1`] = `
Array [
  Object {
    "asn": null,
    "censysCertificatesResults": Object {},
    "cloudHosted": false,
    "country": null,
    "createdAt": null,
    "fromRootDomain": null,
    "id": null,
    "ip": "153.126.148.60",
    "ipOnly": false,
    "name": null,
    "organization": null,
    "reverseName": "first_file_testdomain1",
    "screenshot": null,
    "services": Array [
      Object {
        "banner": "* OK [CAPABILITY IMAP4rev1 LITERAL+ SASL-IR LOGIN-REFERRALS ID ENABLE IDLE AUTH=PLAIN AUTH=LOGIN] Dovecot ready.
* CAPABILITY IMAP4rev1 LITERAL+ SASL-IR LOGIN-REFERRALS ID ENABLE IDLE AUTH=PLAIN AUTH=LOGIN
A001 OK Capability completed.
* ID NIL
A002 OK ID completed.
A003 BAD Error in IMAP command received by server.
",
        "censysIpv4Results": Object {},
        "censysMetadata": Object {},
        "createdAt": null,
        "id": null,
        "intrigueIdentResults": Object {},
        "lastSeen": 2019-04-22T10:20:30.000Z,
        "port": 993,
        "productSource": null,
        "products": Array [
          Object {
            "cpe": "cpe:/a:igor_sysoev:nginx:1.18.0",
            "name": "nginx",
            "tags": Array [],
            "vendor": "igor sysoev",
            "version": "1.18.0",
          },
          Object {
            "cpe": "cpe:/a:atlassian:confluence",
            "name": "confluence",
            "tags": Array [],
            "vendor": "atlassian",
          },
        ],
        "service": null,
        "serviceSource": "shodan",
        "shodanResults": Object {
          "cpe": Array [
            "cpe:/a:igor_sysoev:nginx:1.18.0",
            "cpe:/a:atlassian:confluence",
          ],
          "product": "Test",
          "version": "1.1",
        },
        "updatedAt": null,
        "wappalyzerResults": Array [],
      },
    ],
    "ssl": null,
    "subdomainSource": null,
    "syncedAt": null,
    "updatedAt": null,
  },
  Object {
    "asn": null,
    "censysCertificatesResults": Object {},
    "cloudHosted": false,
    "country": null,
    "createdAt": null,
    "fromRootDomain": null,
    "id": null,
    "ip": "1.1.1.1",
    "ipOnly": false,
    "name": null,
    "organization": null,
    "reverseName": "first_file_testdomain12",
    "screenshot": null,
    "services": Array [
      Object {
        "banner": "
Recursion: enabled
Resolver ID: AMS",
        "censysIpv4Results": Object {},
        "censysMetadata": Object {},
        "createdAt": null,
        "id": null,
        "intrigueIdentResults": Object {},
        "lastSeen": 2019-04-22T10:20:30.000Z,
        "port": 53,
        "productSource": null,
        "products": Array [],
        "service": null,
        "serviceSource": "shodan",
        "shodanResults": Object {},
        "updatedAt": null,
        "wappalyzerResults": Array [],
      },
    ],
    "ssl": null,
    "subdomainSource": null,
    "syncedAt": null,
    "updatedAt": null,
  },
  Object {
    "asn": null,
    "censysCertificatesResults": Object {},
    "cloudHosted": false,
    "country": null,
    "createdAt": null,
    "fromRootDomain": null,
    "id": null,
    "ip": "31.134.10.156",
    "ipOnly": false,
    "name": null,
    "organization": null,
    "reverseName": "first_file_testdomain2",
    "screenshot": null,
    "services": Array [],
    "ssl": null,
    "subdomainSource": null,
    "syncedAt": null,
    "updatedAt": null,
  },
]
`;
