// Jest Snapshot v1, https://goo.gl/fbAQLP

exports[`sslyze basic test 1`] = `
Array [
  "echo \\"\\" | openssl s_client -connect www.cisa.gov:443 > /tmp/www.cisa.gov.crt; openssl x509 -in /tmp/www.cisa.gov.crt -noout -enddate",
  Object {
    "shell": "/bin/bash",
  },
]
`;
